// Jest Snapshot v1, https://goo.gl/fbAQLP

exports[`Breads renders 1`] = `
<p
  className="MuiTypography-root MuiTypography-body2 MuiTypography-colorTextSecondary MuiTypography-alignCenter"
>
  Copyright Â© 
  <a
    className="MuiTypography-root MuiLink-root MuiLink-underlineHover MuiTypography-colorInherit"
    href="https://github.com/yadam"
    onBlur={[Function]}
    onFocus={[Function]}
  >
    Adam Bantly
  </a>
   
  2020
  .
</p>
`;
